.next/types/app/api/admin/dashboard/overview/route.ts(12,13): error TS2344: Type 'OmitWithTag<typeof import("D:/E8 Productions/my-app/src/app/api/admin/dashboard/overview/route"), "runtime" | "POST" | "GET" | "config" | "PATCH" | "PUT" | "DELETE" | "HEAD" | "OPTIONS" | ... 6 more ... | "maxDuration", "">' does not satisfy the constraint '{ [x: string]: never; }'.
  Property 'getUserFromToken' is incompatible with index signature.
    Type '(req: NextRequest) => JWTUser | null' is not assignable to type 'never'.
.next/types/validator.ts(269,39): error TS2306: File 'D:/E8 Productions/my-app/src/app/signup/page.tsx' is not a module.
.next/types/validator.ts(378,31): error TS2344: Type 'typeof import("D:/E8 Productions/my-app/src/app/api/admin/guidelines/[id]/route")' does not satisfy the constraint 'RouteHandlerConfig<"/api/admin/guidelines/[id]">'.
  Types of property 'PATCH' are incompatible.
    Type '(req: NextRequest, { params }: { params: { id: string; }; }) => Promise<NextResponse<{ message: string; }> | NextResponse<{ ok: boolean; guideline: { client: { name: string; companyName: string | null; } | null; } & { ...; }; }> | NextResponse<...>>' is not assignable to type '(request: NextRequest, context: { params: Promise<{ id: string; }>; }) => void | Response | Promise<void | Response>'.
      Types of parameters '__1' and 'context' are incompatible.
        Type '{ params: Promise<{ id: string; }>; }' is not assignable to type '{ params: { id: string; }; }'.
          Types of property 'params' are incompatible.
            Property 'id' is missing in type 'Promise<{ id: string; }>' but required in type '{ id: string; }'.
.next/types/validator.ts(495,31): error TS2344: Type 'typeof import("D:/E8 Productions/my-app/src/app/api/admin/tasks/[id]/route")' does not satisfy the constraint 'RouteHandlerConfig<"/api/admin/tasks/[id]">'.
  Types of property 'GET' are incompatible.
    Type '(req: Request, { params }: { params: { id: string; }; }) => Promise<NextResponse<{ message: string; }> | NextResponse<{ editor: { name: string | null; id: number; email: string; role: Role | null; }; ... 57 more ...; invoiceId: string | null; }>>' is not assignable to type '(request: NextRequest, context: { params: Promise<{ id: string; }>; }) => void | Response | Promise<void | Response>'.
      Types of parameters '__1' and 'context' are incompatible.
        Type '{ params: Promise<{ id: string; }>; }' is not assignable to type '{ params: { id: string; }; }'.
          Types of property 'params' are incompatible.
            Property 'id' is missing in type 'Promise<{ id: string; }>' but required in type '{ id: string; }'.
.next/types/validator.ts(675,31): error TS2344: Type 'typeof import("D:/E8 Productions/my-app/src/app/api/billing/invoices/[id]/route")' does not satisfy the constraint 'RouteHandlerConfig<"/api/billing/invoices/[id]">'.
  Types of property 'GET' are incompatible.
    Type '(req: NextRequest, { params }: { params: { id: string; }; }) => Promise<NextResponse<{ ok: boolean; invoice: { stripeCustomer: { client: { name: string; id: string; email: string; companyName: string | null; }; } & { ...; }; creator: { ...; } | null; payments: { ...; }[]; } & { ...; }; }> | NextResponse<...>>' is not assignable to type '(request: NextRequest, context: { params: Promise<{ id: string; }>; }) => void | Response | Promise<void | Response>'.
      Types of parameters '__1' and 'context' are incompatible.
        Type '{ params: Promise<{ id: string; }>; }' is not assignable to type '{ params: { id: string; }; }'.
          Types of property 'params' are incompatible.
            Property 'id' is missing in type 'Promise<{ id: string; }>' but required in type '{ id: string; }'.
.next/types/validator.ts(729,31): error TS2344: Type 'typeof import("D:/E8 Productions/my-app/src/app/api/clients/[id]/deliverables/[deliverableId]/route")' does not satisfy the constraint 'RouteHandlerConfig<"/api/clients/[id]/deliverables/[deliverableId]">'.
  Types of property 'GET' are incompatible.
    Type '(req: Request, { params }: { params: Promise<{ clientId: string; deliverableId: string; }>; }) => Promise<NextResponse<{ message: string; }> | NextResponse<{ deliverable: { description: string | null; ... 10 more ...; platforms: string[]; }; }>>' is not assignable to type '(request: NextRequest, context: { params: Promise<{ id: string; deliverableId: string; }>; }) => void | Response | Promise<void | Response>'.
      Types of parameters '__1' and 'context' are incompatible.
        Type '{ params: Promise<{ id: string; deliverableId: string; }>; }' is not assignable to type '{ params: Promise<{ clientId: string; deliverableId: string; }>; }'.
          Types of property 'params' are incompatible.
            Type 'Promise<{ id: string; deliverableId: string; }>' is not assignable to type 'Promise<{ clientId: string; deliverableId: string; }>'.
              Property 'clientId' is missing in type '{ id: string; deliverableId: string; }' but required in type '{ clientId: string; deliverableId: string; }'.
.next/types/validator.ts(774,31): error TS2344: Type 'typeof import("D:/E8 Productions/my-app/src/app/api/clients/[id]/route")' does not satisfy the constraint 'RouteHandlerConfig<"/api/clients/[id]">'.
  Types of property 'DELETE' are incompatible.
    Type '(req: Request, { params }: { params: { id: string; }; }) => Promise<NextResponse<{ success: boolean; message: string; deletedClient: { name: string; id: string; createdAt: Date; updatedAt: Date; email: string; ... 26 more ...; hasPostingServices: boolean; }; }> | NextResponse<...>>' is not assignable to type '(request: NextRequest, context: { params: Promise<{ id: string; }>; }) => void | Response | Promise<void | Response>'.
      Types of parameters '__1' and 'context' are incompatible.
        Type '{ params: Promise<{ id: string; }>; }' is not assignable to type '{ params: { id: string; }; }'.
          Types of property 'params' are incompatible.
            Property 'id' is missing in type 'Promise<{ id: string; }>' but required in type '{ id: string; }'.
.next/types/validator.ts(954,31): error TS2559: Type 'typeof import("D:/E8 Productions/my-app/src/app/api/cron/s3-to-nas/route")' has no properties in common with type 'RouteHandlerConfig<"/api/cron/s3-to-nas">'.
.next/types/validator.ts(1062,31): error TS2344: Type 'typeof import("D:/E8 Productions/my-app/src/app/api/employee/[employeeId]/activate/route")' does not satisfy the constraint 'RouteHandlerConfig<"/api/employee/[employeeId]/activate">'.
  Types of property 'PATCH' are incompatible.
    Type '(req: Request, context: { params: { employeeId: string; }; }) => Promise<NextResponse<{ ok: boolean; user: { name: string | null; id: number; createdAt: Date; updatedAt: Date; email: string; ... 16 more ...; slackUserId: string | null; }; }> | NextResponse<...>>' is not assignable to type '(request: NextRequest, context: { params: Promise<{ employeeId: string; }>; }) => void | Response | Promise<void | Response>'.
      Types of parameters 'context' and 'context' are incompatible.
        Type '{ params: Promise<{ employeeId: string; }>; }' is not assignable to type '{ params: { employeeId: string; }; }'.
          Types of property 'params' are incompatible.
            Property 'employeeId' is missing in type 'Promise<{ employeeId: string; }>' but required in type '{ employeeId: string; }'.
.next/types/validator.ts(1070,39): error TS2306: File 'D:/E8 Productions/my-app/src/app/api/employee/[employeeId]/approve/route.ts' is not a module.
.next/types/validator.ts(1080,31): error TS2344: Type 'typeof import("D:/E8 Productions/my-app/src/app/api/employee/[employeeId]/bonus/route")' does not satisfy the constraint 'RouteHandlerConfig<"/api/employee/[employeeId]/bonus">'.
  Types of property 'POST' are incompatible.
    Type '(req: Request, context: { params: { employeeId: string; }; }) => Promise<NextResponse<{ ok: boolean; bonus: { id: number; amount: Decimal; createdAt: Date; employeeId: number; addedBy: number | null; }; }> | NextResponse<...>>' is not assignable to type '(request: NextRequest, context: { params: Promise<{ employeeId: string; }>; }) => void | Response | Promise<void | Response>'.
      Types of parameters 'context' and 'context' are incompatible.
        Type '{ params: Promise<{ employeeId: string; }>; }' is not assignable to type '{ params: { employeeId: string; }; }'.
          Types of property 'params' are incompatible.
            Property 'employeeId' is missing in type 'Promise<{ employeeId: string; }>' but required in type '{ employeeId: string; }'.
.next/types/validator.ts(1089,31): error TS2344: Type 'typeof import("D:/E8 Productions/my-app/src/app/api/employee/[employeeId]/bonuses/route")' does not satisfy the constraint 'RouteHandlerConfig<"/api/employee/[employeeId]/bonuses">'.
  Types of property 'GET' are incompatible.
    Type '(req: Request, context: { params: { employeeId: string; }; }) => Promise<NextResponse<{ ok: boolean; bonuses: { id: number; amount: Decimal; createdAt: Date; employeeId: number; addedBy: number | null; }[]; total: number; }> | NextResponse<...>>' is not assignable to type '(request: NextRequest, context: { params: Promise<{ employeeId: string; }>; }) => void | Response | Promise<void | Response>'.
      Types of parameters 'context' and 'context' are incompatible.
        Type '{ params: Promise<{ employeeId: string; }>; }' is not assignable to type '{ params: { employeeId: string; }; }'.
          Types of property 'params' are incompatible.
            Property 'employeeId' is missing in type 'Promise<{ employeeId: string; }>' but required in type '{ employeeId: string; }'.
.next/types/validator.ts(1098,31): error TS2344: Type 'typeof import("D:/E8 Productions/my-app/src/app/api/employee/[employeeId]/deactivate/route")' does not satisfy the constraint 'RouteHandlerConfig<"/api/employee/[employeeId]/deactivate">'.
  Types of property 'PATCH' are incompatible.
    Type '(req: Request, { params }: { params: { employeeId: string; }; }) => Promise<NextResponse<{ ok: boolean; user: { name: string | null; id: number; createdAt: Date; updatedAt: Date; email: string; password: string | null; ... 15 more ...; slackUserId: string | null; }; }> | NextResponse<...>>' is not assignable to type '(request: NextRequest, context: { params: Promise<{ employeeId: string; }>; }) => void | Response | Promise<void | Response>'.
      Types of parameters '__1' and 'context' are incompatible.
        Type '{ params: Promise<{ employeeId: string; }>; }' is not assignable to type '{ params: { employeeId: string; }; }'.
          Types of property 'params' are incompatible.
            Property 'employeeId' is missing in type 'Promise<{ employeeId: string; }>' but required in type '{ employeeId: string; }'.
.next/types/validator.ts(1107,31): error TS2344: Type 'typeof import("D:/E8 Productions/my-app/src/app/api/employee/[employeeId]/leaves/route")' does not satisfy the constraint 'RouteHandlerConfig<"/api/employee/[employeeId]/leaves">'.
  Types of property 'GET' are incompatible.
    Type '(req: NextRequest, context: { params: { employeeId: string; }; }) => Promise<NextResponse<{ ok: boolean; leaves: ({ deduction: { id: number; amount: Decimal; createdAt: Date; month: Date; employeeId: number; leaveId: number | null; } | null; } & { ...; })[]; }> | NextResponse<...>>' is not assignable to type '(request: NextRequest, context: { params: Promise<{ employeeId: string; }>; }) => void | Response | Promise<void | Response>'.
      Types of parameters 'context' and 'context' are incompatible.
        Type '{ params: Promise<{ employeeId: string; }>; }' is not assignable to type '{ params: { employeeId: string; }; }'.
          Types of property 'params' are incompatible.
            Property 'employeeId' is missing in type 'Promise<{ employeeId: string; }>' but required in type '{ employeeId: string; }'.
.next/types/validator.ts(1116,31): error TS2344: Type 'typeof import("D:/E8 Productions/my-app/src/app/api/employee/[employeeId]/profile/route")' does not satisfy the constraint 'RouteHandlerConfig<"/api/employee/[employeeId]/profile">'.
  Types of property 'GET' are incompatible.
    Type '(req: Request, { params }: { params: { employeeId: string; }; }) => Promise<NextResponse<{ ok: boolean; data: { employee: { name: string | null; id: number; email: string; hourlyRate: Decimal | null; monthlyBaseHours: number | null; employeeStatus: EmployeeStatus | null; joinedAt: Date | null; }; ... 6 more ...; net...' is not assignable to type '(request: NextRequest, context: { params: Promise<{ employeeId: string; }>; }) => void | Response | Promise<void | Response>'.
      Types of parameters '__1' and 'context' are incompatible.
        Type '{ params: Promise<{ employeeId: string; }>; }' is not assignable to type '{ params: { employeeId: string; }; }'.
          Types of property 'params' are incompatible.
            Property 'employeeId' is missing in type 'Promise<{ employeeId: string; }>' but required in type '{ employeeId: string; }'.
.next/types/validator.ts(1124,39): error TS2306: File 'D:/E8 Productions/my-app/src/app/api/employee/[employeeId]/reject/route.ts' is not a module.
.next/types/validator.ts(1134,31): error TS2344: Type 'typeof import("D:/E8 Productions/my-app/src/app/api/employee/[employeeId]/route")' does not satisfy the constraint 'RouteHandlerConfig<"/api/employee/[employeeId]">'.
  Types of property 'PATCH' are incompatible.
    Type '(req: Request, context: { params: { employeeId: string; }; }) => Promise<NextResponse<{ ok: boolean; user: { name: string | null; id: number; createdAt: Date; updatedAt: Date; email: string; ... 16 more ...; slackUserId: string | null; }; }> | NextResponse<...>>' is not assignable to type '(request: NextRequest, context: { params: Promise<{ employeeId: string; }>; }) => void | Response | Promise<void | Response>'.
      Types of parameters 'context' and 'context' are incompatible.
        Type '{ params: Promise<{ employeeId: string; }>; }' is not assignable to type '{ params: { employeeId: string; }; }'.
          Types of property 'params' are incompatible.
            Property 'employeeId' is missing in type 'Promise<{ employeeId: string; }>' but required in type '{ employeeId: string; }'.
.next/types/validator.ts(1170,31): error TS2344: Type 'typeof import("D:/E8 Productions/my-app/src/app/api/feedback/[feedbackId]/response/route")' does not satisfy the constraint 'RouteHandlerConfig<"/api/feedback/[feedbackId]/response">'.
  Types of property 'POST' are incompatible.
    Type '(request: NextRequest, { params }: { params: { feedbackId: string; }; }) => Promise<NextResponse<{ response: { sender: { name: string | null; id: number; role: Role | null; }; } & { id: string; createdAt: Date; message: string; senderId: number; feedbackId: string; }; }> | NextResponse<...>>' is not assignable to type '(request: NextRequest, context: { params: Promise<{ feedbackId: string; }>; }) => void | Response | Promise<void | Response>'.
      Types of parameters '__1' and 'context' are incompatible.
        Type '{ params: Promise<{ feedbackId: string; }>; }' is not assignable to type '{ params: { feedbackId: string; }; }'.
          Types of property 'params' are incompatible.
            Property 'feedbackId' is missing in type 'Promise<{ feedbackId: string; }>' but required in type '{ feedbackId: string; }'.
.next/types/validator.ts(1179,31): error TS2344: Type 'typeof import("D:/E8 Productions/my-app/src/app/api/feedback/[feedbackId]/status/route")' does not satisfy the constraint 'RouteHandlerConfig<"/api/feedback/[feedbackId]/status">'.
  Types of property 'PATCH' are incompatible.
    Type '(request: NextRequest, { params }: { params: { feedbackId: string; }; }) => Promise<NextResponse<{ feedback: { id: string; createdAt: Date; updatedAt: Date; status: string; priority: string; category: string; subject: string; message: string; senderId: number; }; }> | NextResponse<...>>' is not assignable to type '(request: NextRequest, context: { params: Promise<{ feedbackId: string; }>; }) => void | Response | Promise<void | Response>'.
      Types of parameters '__1' and 'context' are incompatible.
        Type '{ params: Promise<{ feedbackId: string; }>; }' is not assignable to type '{ params: { feedbackId: string; }; }'.
          Types of property 'params' are incompatible.
            Property 'feedbackId' is missing in type 'Promise<{ feedbackId: string; }>' but required in type '{ feedbackId: string; }'.
.next/types/validator.ts(1206,31): error TS2344: Type 'typeof import("D:/E8 Productions/my-app/src/app/api/files/[id]/optimize/route")' does not satisfy the constraint 'RouteHandlerConfig<"/api/files/[id]/optimize">'.
  Types of property 'POST' are incompatible.
    Type '(request: NextRequest, { params }: { params: { id: string; }; }) => Promise<NextResponse<{ error: string; }> | NextResponse<{ success: boolean; message: string; }>>' is not assignable to type '(request: NextRequest, context: { params: Promise<{ id: string; }>; }) => void | Response | Promise<void | Response>'.
      Types of parameters '__1' and 'context' are incompatible.
        Type '{ params: Promise<{ id: string; }>; }' is not assignable to type '{ params: { id: string; }; }'.
          Types of property 'params' are incompatible.
            Property 'id' is missing in type 'Promise<{ id: string; }>' but required in type '{ id: string; }'.
.next/types/validator.ts(1215,31): error TS2344: Type 'typeof import("D:/E8 Productions/my-app/src/app/api/files/[id]/stream/route")' does not satisfy the constraint 'RouteHandlerConfig<"/api/files/[id]/stream">'.
  Types of property 'GET' are incompatible.
    Type '(request: NextRequest, { params }: { params: { id: string; }; }) => Promise<NextResponse<unknown>>' is not assignable to type '(request: NextRequest, context: { params: Promise<{ id: string; }>; }) => void | Response | Promise<void | Response>'.
      Types of parameters '__1' and 'context' are incompatible.
        Type '{ params: Promise<{ id: string; }>; }' is not assignable to type '{ params: { id: string; }; }'.
          Types of property 'params' are incompatible.
            Property 'id' is missing in type 'Promise<{ id: string; }>' but required in type '{ id: string; }'.
.next/types/validator.ts(1287,31): error TS2344: Type 'typeof import("D:/E8 Productions/my-app/src/app/api/leave/[id]/approve/route")' does not satisfy the constraint 'RouteHandlerConfig<"/api/leave/[id]/approve">'.
  Types of property 'PATCH' are incompatible.
    Type '(req: Request, { params }: { params: { id: string; }; }) => Promise<NextResponse<{ ok: boolean; leave: { id: number; createdAt: Date; status: LeaveStatus; startDate: Date; employeeId: number; endDate: Date; reason: string | null; numberOfDays: number; approvedBy: number | null; }; deduction: { ...; }; }> | NextRespo...' is not assignable to type '(request: NextRequest, context: { params: Promise<{ id: string; }>; }) => void | Response | Promise<void | Response>'.
      Types of parameters '__1' and 'context' are incompatible.
        Type '{ params: Promise<{ id: string; }>; }' is not assignable to type '{ params: { id: string; }; }'.
          Types of property 'params' are incompatible.
            Property 'id' is missing in type 'Promise<{ id: string; }>' but required in type '{ id: string; }'.
.next/types/validator.ts(1296,31): error TS2344: Type 'typeof import("D:/E8 Productions/my-app/src/app/api/leave/[id]/reject/route")' does not satisfy the constraint 'RouteHandlerConfig<"/api/leave/[id]/reject">'.
  Types of property 'PATCH' are incompatible.
    Type '(req: NextRequest, context: { params: { id: string; }; }) => Promise<NextResponse<{ ok: boolean; leave: { id: number; createdAt: Date; status: LeaveStatus; startDate: Date; ... 4 more ...; approvedBy: number | null; }; }> | NextResponse<...>>' is not assignable to type '(request: NextRequest, context: { params: Promise<{ id: string; }>; }) => void | Response | Promise<void | Response>'.
      Types of parameters 'context' and 'context' are incompatible.
        Type '{ params: Promise<{ id: string; }>; }' is not assignable to type '{ params: { id: string; }; }'.
          Types of property 'params' are incompatible.
            Property 'id' is missing in type 'Promise<{ id: string; }>' but required in type '{ id: string; }'.
.next/types/validator.ts(1485,31): error TS2344: Type 'typeof import("D:/E8 Productions/my-app/src/app/api/notifications/[id]/read/route")' does not satisfy the constraint 'RouteHandlerConfig<"/api/notifications/[id]/read">'.
  Types of property 'PATCH' are incompatible.
    Type '(req: Request, { params }: { params: { id: string; }; }) => Promise<NextResponse<{ message: string; }> | NextResponse<{ notification: { id: string; createdAt: Date; updatedAt: Date; ... 7 more ...; read: boolean; }; }>>' is not assignable to type '(request: NextRequest, context: { params: Promise<{ id: string; }>; }) => void | Response | Promise<void | Response>'.
      Types of parameters '__1' and 'context' are incompatible.
        Type '{ params: Promise<{ id: string; }>; }' is not assignable to type '{ params: { id: string; }; }'.
          Types of property 'params' are incompatible.
            Property 'id' is missing in type 'Promise<{ id: string; }>' but required in type '{ id: string; }'.
.next/types/validator.ts(1530,31): error TS2344: Type 'typeof import("D:/E8 Productions/my-app/src/app/api/payroll/[payrollId]/hide/route")' does not satisfy the constraint 'RouteHandlerConfig<"/api/payroll/[payrollId]/hide">'.
  Types of property 'PATCH' are incompatible.
    Type '(req: NextRequest, context: { params: { payrollId: string; }; }) => Promise<NextResponse<{ ok: boolean; message: any; }>>' is not assignable to type '(request: NextRequest, context: { params: Promise<{ payrollId: string; }>; }) => void | Response | Promise<void | Response>'.
      Types of parameters 'context' and 'context' are incompatible.
        Type '{ params: Promise<{ payrollId: string; }>; }' is not assignable to type '{ params: { payrollId: string; }; }'.
          Types of property 'params' are incompatible.
            Property 'payrollId' is missing in type 'Promise<{ payrollId: string; }>' but required in type '{ payrollId: string; }'.
.next/types/validator.ts(1539,31): error TS2344: Type 'typeof import("D:/E8 Productions/my-app/src/app/api/payroll/[payrollId]/mark-paid/route")' does not satisfy the constraint 'RouteHandlerConfig<"/api/payroll/[payrollId]/mark-paid">'.
  Types of property 'PATCH' are incompatible.
    Type '(req: NextRequest, context: { params: { payrollId: string; }; }) => Promise<NextResponse<{ ok: boolean; payroll: { id: number; createdAt: Date; status: PayrollStatus; employeeId: number; ... 7 more ...; hidden: boolean; }; }> | NextResponse<...>>' is not assignable to type '(request: NextRequest, context: { params: Promise<{ payrollId: string; }>; }) => void | Response | Promise<void | Response>'.
      Types of parameters 'context' and 'context' are incompatible.
        Type '{ params: Promise<{ payrollId: string; }>; }' is not assignable to type '{ params: { payrollId: string; }; }'.
          Types of property 'params' are incompatible.
            Property 'payrollId' is missing in type 'Promise<{ payrollId: string; }>' but required in type '{ payrollId: string; }'.
.next/types/validator.ts(1548,31): error TS2344: Type 'typeof import("D:/E8 Productions/my-app/src/app/api/payroll/generate/[year]/[month]/route")' does not satisfy the constraint 'RouteHandlerConfig<"/api/payroll/generate/[year]/[month]">'.
  Types of property 'POST' are incompatible.
    Type '(req: NextRequest, context: { params: { year: string; month: string; }; }) => Promise<NextResponse<{ ok: boolean; count: number; payrolls: { id: number; createdAt: Date; status: PayrollStatus; ... 8 more ...; hidden: boolean; }[]; }> | NextResponse<...>>' is not assignable to type '(request: NextRequest, context: { params: Promise<{ year: string; month: string; }>; }) => void | Response | Promise<void | Response>'.
      Types of parameters 'context' and 'context' are incompatible.
        Type '{ params: Promise<{ year: string; month: string; }>; }' is not assignable to type '{ params: { year: string; month: string; }; }'.
          Types of property 'params' are incompatible.
            Type 'Promise<{ year: string; month: string; }>' is missing the following properties from type '{ year: string; month: string; }': year, month
.next/types/validator.ts(1656,31): error TS2559: Type 'typeof import("D:/E8 Productions/my-app/src/app/api/reports/activity/route")' has no properties in common with type 'RouteHandlerConfig<"/api/reports/activity">'.
.next/types/validator.ts(1854,31): error TS2344: Type 'typeof import("D:/E8 Productions/my-app/src/app/api/tasks/[id]/assign-deliverable/route")' does not satisfy the constraint 'RouteHandlerConfig<"/api/tasks/[id]/assign-deliverable">'.
  Types of property 'POST' are incompatible.
    Type '(req: Request, { params }: { params: { id: string; }; }) => Promise<NextResponse<{ message: string; }> | NextResponse<{ task: { id: string; monthlyDeliverableId: string | null; deliverable: { ...; } | null; }; }>>' is not assignable to type '(request: NextRequest, context: { params: Promise<{ id: string; }>; }) => void | Response | Promise<void | Response>'.
      Types of parameters '__1' and 'context' are incompatible.
        Type '{ params: Promise<{ id: string; }>; }' is not assignable to type '{ params: { id: string; }; }'.
          Types of property 'params' are incompatible.
            Property 'id' is missing in type 'Promise<{ id: string; }>' but required in type '{ id: string; }'.
.next/types/validator.ts(1863,31): error TS2344: Type 'typeof import("D:/E8 Productions/my-app/src/app/api/tasks/[id]/assign/route")' does not satisfy the constraint 'RouteHandlerConfig<"/api/tasks/[id]/assign">'.
  Types of property 'PATCH' are incompatible.
    Type '(req: Request, { params }: { params: { id: string; }; }) => Promise<NextResponse<{ message: string; }> | NextResponse<{ client: { name: string; id: string; createdAt: Date; updatedAt: Date; ... 27 more ...; hasPostingServices: boolean; } | null; } & { ...; }>>' is not assignable to type '(request: NextRequest, context: { params: Promise<{ id: string; }>; }) => void | Response | Promise<void | Response>'.
      Types of parameters '__1' and 'context' are incompatible.
        Type '{ params: Promise<{ id: string; }>; }' is not assignable to type '{ params: { id: string; }; }'.
          Types of property 'params' are incompatible.
            Property 'id' is missing in type 'Promise<{ id: string; }>' but required in type '{ id: string; }'.
.next/types/validator.ts(1872,31): error TS2344: Type 'typeof import("D:/E8 Productions/my-app/src/app/api/tasks/[id]/feedback/route")' does not satisfy the constraint 'RouteHandlerConfig<"/api/tasks/[id]/feedback">'.
  Types of property 'GET' are incompatible.
    Type '(req: NextRequest, { params }: { params: { id: string; }; }) => Promise<NextResponse<{ feedback: ({ user: { name: string | null; id: number; role: Role | null; }; file: { name: string; id: string; folderType: string | null; version: number; } | null; } & { ...; })[]; groupedFeedback: Record<...>; }> | NextResponse<....' is not assignable to type '(request: NextRequest, context: { params: Promise<{ id: string; }>; }) => void | Response | Promise<void | Response>'.
      Types of parameters '__1' and 'context' are incompatible.
        Type '{ params: Promise<{ id: string; }>; }' is not assignable to type '{ params: { id: string; }; }'.
          Types of property 'params' are incompatible.
            Property 'id' is missing in type 'Promise<{ id: string; }>' but required in type '{ id: string; }'.
.next/types/validator.ts(1881,31): error TS2344: Type 'typeof import("D:/E8 Productions/my-app/src/app/api/tasks/[id]/files/route")' does not satisfy the constraint 'RouteHandlerConfig<"/api/tasks/[id]/files">'.
  Types of property 'GET' are incompatible.
    Type '(req: NextRequest, { params }: { params: { id: string; }; }) => Promise<NextResponse<{ files: { id: string; name: string; url: string; size: number; mimeType: string | null; version: number; isActive: boolean; folderType: string | null; createdAt: Date; replacedAt: Date | null; }[]; }> | NextResponse<...>>' is not assignable to type '(request: NextRequest, context: { params: Promise<{ id: string; }>; }) => void | Response | Promise<void | Response>'.
      Types of parameters '__1' and 'context' are incompatible.
        Type '{ params: Promise<{ id: string; }>; }' is not assignable to type '{ params: { id: string; }; }'.
          Types of property 'params' are incompatible.
            Property 'id' is missing in type 'Promise<{ id: string; }>' but required in type '{ id: string; }'.
.next/types/validator.ts(1890,31): error TS2344: Type 'typeof import("D:/E8 Productions/my-app/src/app/api/tasks/[id]/generate-titles/route")' does not satisfy the constraint 'RouteHandlerConfig<"/api/tasks/[id]/generate-titles">'.
  Types of property 'GET' are incompatible.
    Type '(req: Request, { params }: { params: { id: string; }; }) => Promise<NextResponse<{ error: any; }>>' is not assignable to type '(request: NextRequest, context: { params: Promise<{ id: string; }>; }) => void | Response | Promise<void | Response>'.
      Types of parameters '__1' and 'context' are incompatible.
        Type '{ params: Promise<{ id: string; }>; }' is not assignable to type '{ params: { id: string; }; }'.
          Types of property 'params' are incompatible.
            Property 'id' is missing in type 'Promise<{ id: string; }>' but required in type '{ id: string; }'.
.next/types/validator.ts(1917,31): error TS2344: Type 'typeof import("D:/E8 Productions/my-app/src/app/api/tasks/[id]/revert-to-qc/route")' does not satisfy the constraint 'RouteHandlerConfig<"/api/tasks/[id]/revert-to-qc">'.
  Types of property 'POST' are incompatible.
    Type '(request: NextRequest, { params }: { params: { id: string; }; }) => Promise<NextResponse<{ success: boolean; error: string; }> | NextResponse<{ success: boolean; task: { feedback: string | null; ... 49 more ...; invoiceId: string | null; }; }>>' is not assignable to type '(request: NextRequest, context: { params: Promise<{ id: string; }>; }) => void | Response | Promise<void | Response>'.
      Types of parameters '__1' and 'context' are incompatible.
        Type '{ params: Promise<{ id: string; }>; }' is not assignable to type '{ params: { id: string; }; }'.
          Types of property 'params' are incompatible.
            Property 'id' is missing in type 'Promise<{ id: string; }>' but required in type '{ id: string; }'.
.next/types/validator.ts(1926,31): error TS2344: Type 'typeof import("D:/E8 Productions/my-app/src/app/api/tasks/[id]/route")' does not satisfy the constraint 'RouteHandlerConfig<"/api/tasks/[id]">'.
  Types of property 'GET' are incompatible.
    Type '(request: NextRequest, { params }: { params: { taskId: string; }; }) => Promise<NextResponse<{ error: string; }> | NextResponse<{ files: any[]; feedback: string | null; description: string; ... 48 more ...; invoiceId: string | null; }>>' is not assignable to type '(request: NextRequest, context: { params: Promise<{ id: string; }>; }) => void | Response | Promise<void | Response>'.
      Types of parameters '__1' and 'context' are incompatible.
        Type '{ params: Promise<{ id: string; }>; }' is not assignable to type '{ params: { taskId: string; }; }'.
          Types of property 'params' are incompatible.
            Property 'taskId' is missing in type 'Promise<{ id: string; }>' but required in type '{ taskId: string; }'.
.next/types/validator.ts(1944,31): error TS2344: Type 'typeof import("D:/E8 Productions/my-app/src/app/api/tasks/[id]/shoot-notes/route")' does not satisfy the constraint 'RouteHandlerConfig<"/api/tasks/[id]/shoot-notes">'.
  Types of property 'PATCH' are incompatible.
    Type '(req: Request, { params }: { params: { id: string; }; }) => Promise<NextResponse<{ message: string; }> | NextResponse<{ success: boolean; }>>' is not assignable to type '(request: NextRequest, context: { params: Promise<{ id: string; }>; }) => void | Response | Promise<void | Response>'.
      Types of parameters '__1' and 'context' are incompatible.
        Type '{ params: Promise<{ id: string; }>; }' is not assignable to type '{ params: { id: string; }; }'.
          Types of property 'params' are incompatible.
            Property 'id' is missing in type 'Promise<{ id: string; }>' but required in type '{ id: string; }'.
.next/types/validator.ts(1962,31): error TS2344: Type 'typeof import("D:/E8 Productions/my-app/src/app/api/tasks/[id]/status/route")' does not satisfy the constraint 'RouteHandlerConfig<"/api/tasks/[id]/status">'.
  Types of property 'PATCH' are incompatible.
    Type '(req: Request, { params }: { params: { id: string; }; }) => Promise<NextResponse<any>>' is not assignable to type '(request: NextRequest, context: { params: Promise<{ id: string; }>; }) => void | Response | Promise<void | Response>'.
      Types of parameters '__1' and 'context' are incompatible.
        Type '{ params: Promise<{ id: string; }>; }' is not assignable to type '{ params: { id: string; }; }'.
          Types of property 'params' are incompatible.
            Property 'id' is missing in type 'Promise<{ id: string; }>' but required in type '{ id: string; }'.
backfill-missing-tasks.ts(136,32): error TS2769: No overload matches this call.
  Overload 1 of 4, '(value: string | number | Date): Date', gave the following error.
    Argument of type 'Date | null' is not assignable to parameter of type 'string | number | Date'.
      Type 'null' is not assignable to type 'string | number | Date'.
  Overload 2 of 4, '(value: string | number): Date', gave the following error.
    Argument of type 'Date | null' is not assignable to parameter of type 'string | number'.
      Type 'null' is not assignable to type 'string | number'.
backfill-missing-tasks.ts(161,31): error TS2769: No overload matches this call.
  Overload 1 of 4, '(value: string | number | Date): Date', gave the following error.
    Argument of type 'Date | null' is not assignable to parameter of type 'string | number | Date'.
      Type 'null' is not assignable to type 'string | number | Date'.
  Overload 2 of 4, '(value: string | number): Date', gave the following error.
    Argument of type 'Date | null' is not assignable to parameter of type 'string | number'.
      Type 'null' is not assignable to type 'string | number'.
backfill-missing-tasks.ts(166,21): error TS2769: No overload matches this call.
  Overload 1 of 4, '(value: string | number | Date): Date', gave the following error.
    Argument of type 'Date | null' is not assignable to parameter of type 'string | number | Date'.
      Type 'null' is not assignable to type 'string | number | Date'.
  Overload 2 of 4, '(value: string | number): Date', gave the following error.
    Argument of type 'Date | null' is not assignable to parameter of type 'string | number'.
      Type 'null' is not assignable to type 'string | number'.
scripts/debug-emails.ts(3,10): error TS2305: Module '"../src/lib/email-notifications"' has no exported member 'sendEditorStartedEmail'.
scripts/search-all-buckets.ts(2,23): error TS5097: An import path can only end with a '.ts' extension when 'allowImportingTsExtensions' is enabled.
scripts/search-all-buckets.ts(16,7): error TS7053: Element implicitly has an 'any' type because expression of type 'string' can't be used to index type '{}'.
  No index signature with a parameter of type 'string' was found on type '{}'.
scripts/search-all-buckets.ts(18,7): error TS7053: Element implicitly has an 'any' type because expression of type 'string' can't be used to index type '{}'.
  No index signature with a parameter of type 'string' was found on type '{}'.
scripts/search-all-buckets.ts(27,9): error TS7053: Element implicitly has an 'any' type because expression of type 'string' can't be used to index type '{}'.
  No index signature with a parameter of type 'string' was found on type '{}'.
scripts/search-all-buckets.ts(30,7): error TS7053: Element implicitly has an 'any' type because expression of type 'string' can't be used to index type '{}'.
  No index signature with a parameter of type 'string' was found on type '{}'.
scripts/search-all-buckets.ts(30,31): error TS18046: 'err' is of type 'unknown'.
scripts/search-r2-key.ts(2,31): error TS5097: An import path can only end with a '.ts' extension when 'allowImportingTsExtensions' is enabled.
scripts/search-r2-key.ts(18,13): error TS7022: 'res' implicitly has type 'any' because it does not have a type annotation and is referenced directly or indirectly in its own initializer.
scripts/search-r2-key.ts(23,42): error TS7006: Parameter 'c' implicitly has an 'any' type.
scripts/search-r2-key.ts(24,44): error TS7006: Parameter 'f' implicitly has an 'any' type.
scripts/search-r2-key.ts(39,39): error TS18046: 'err' is of type 'unknown'.
scripts/test-r2-download.ts(2,31): error TS5097: An import path can only end with a '.ts' extension when 'allowImportingTsExtensions' is enabled.
scripts/test-r2-download.ts(42,31): error TS18046: 'err' is of type 'unknown'.
scripts/test-r2-download.ts(43,30): error TS18046: 'err' is of type 'unknown'.
scripts/test-r2-download.ts(43,42): error TS18046: 'err' is of type 'unknown'.
scripts/test-r2-download.ts(44,9): error TS18046: 'err' is of type 'unknown'.
scripts/test-r2-download.ts(44,51): error TS18046: 'err' is of type 'unknown'.
src/app/api/admin/dashboard/overview/route.ts(328,43): error TS2322: Type 'null' is not assignable to type 'InputJsonValue | JsonNullValueFilter | FieldRef<"AuditLog", "Json"> | undefined'.
src/app/api/admin/migrate-recurring/route.ts(97,25): error TS2322: Type '{ clientId: string; deliverableId: string; templateTaskId: string; active: true; nextRunDate: Date; }' is not assignable to type '(Without<RecurringTaskCreateInput, RecurringTaskUncheckedCreateInput> & RecurringTaskUncheckedCreateInput) | (Without<...> & RecurringTaskCreateInput)'.
  Type '{ clientId: string; deliverableId: string; templateTaskId: string; active: true; nextRunDate: Date; }' is not assignable to type 'Without<RecurringTaskCreateInput, RecurringTaskUncheckedCreateInput> & RecurringTaskUncheckedCreateInput'.
    Property 'scheduleType' is missing in type '{ clientId: string; deliverableId: string; templateTaskId: string; active: true; nextRunDate: Date; }' but required in type 'RecurringTaskUncheckedCreateInput'.
src/app/api/admin/users/[userId]/reset-2fa/route.ts(86,32): error TS2339: Property 'ip' does not exist on type 'NextRequest'.
src/app/api/ai/suggest-titles/route.ts(28,77): error TS1501: This regular expression flag is only available when targeting 'es2018' or later.
src/app/api/auth/change-password/route.ts(5,10): error TS2614: Module '"next-auth"' has no exported member 'getServerSession'. Did you mean to use 'import getServerSession from "next-auth"' instead?
src/app/api/auth/google/callback/route.ts(9,24): error TS2307: Cannot find module 'formidable' or its corresponding type declarations.
src/app/api/billing/customers/route.ts(25,54): error TS2339: Property 'linkedClientId' does not exist on type 'JWTUser'.
src/app/api/billing/customers/route.ts(26,30): error TS2339: Property 'linkedClientId' does not exist on type 'JWTUser'.
src/app/api/billing/customers/route.ts(83,54): error TS2339: Property 'linkedClientId' does not exist on type 'JWTUser'.
src/app/api/billing/customers/route.ts(84,30): error TS2339: Property 'linkedClientId' does not exist on type 'JWTUser'.
src/app/api/billing/invoices/[id]/route.ts(52,40): error TS2339: Property 'linkedClientId' does not exist on type 'JWTUser'.
src/app/api/billing/invoices/[id]/route.ts(115,9): error TS2322: Type 'string | null | undefined' is not assignable to type 'string | null'.
  Type 'undefined' is not assignable to type 'string | null'.
src/app/api/billing/invoices/[id]/route.ts(116,9): error TS2322: Type 'string | null | undefined' is not assignable to type 'string | null'.
  Type 'undefined' is not assignable to type 'string | null'.
src/app/api/billing/invoices/route.ts(254,20): error TS18047: 'currentUser' is possibly 'null'.
src/app/api/billing/subscriptions/route.ts(28,54): error TS2339: Property 'linkedClientId' does not exist on type 'JWTUser'.
src/app/api/billing/subscriptions/route.ts(30,40): error TS2339: Property 'linkedClientId' does not exist on type 'JWTUser'.
src/app/api/billing/subscriptions/route.ts(93,56): error TS2339: Property 'linkedClientId' does not exist on type 'JWTUser'.
src/app/api/billing/subscriptions/route.ts(94,38): error TS2339: Property 'linkedClientId' does not exist on type 'JWTUser'.
src/app/api/billing/subscriptions/route.ts(150,42): error TS2339: Property 'linkedClientId' does not exist on type 'JWTUser'.
src/app/api/billing/subscriptions/route.ts(177,56): error TS2339: Property 'linkedClientId' does not exist on type 'JWTUser'.
src/app/api/billing/subscriptions/route.ts(178,38): error TS2339: Property 'linkedClientId' does not exist on type 'JWTUser'.
src/app/api/client/me/route.ts(72,20): error TS2339: Property 'title' does not exist on type '{ description: string | null; id: string; createdAt: Date; updatedAt: Date; type: string; status: string; clientId: string; billedAt: Date | null; invoiceId: string | null; ... 6 more ...; unitPrice: number | null; }'.
src/app/api/client/me/route.ts(75,22): error TS2339: Property 'dueDate' does not exist on type '{ description: string | null; id: string; createdAt: Date; updatedAt: Date; type: string; status: string; clientId: string; billedAt: Date | null; invoiceId: string | null; ... 6 more ...; unitPrice: number | null; }'.
src/app/api/contracts/route.ts(152,21): error TS2322: Type 'Buffer<ArrayBufferLike>' is not assignable to type 'Buffer<ArrayBuffer>'.
  Type 'ArrayBufferLike' is not assignable to type 'ArrayBuffer'.
    Type 'SharedArrayBuffer' is missing the following properties from type 'ArrayBuffer': resizable, resize, detached, transfer, transferToFixedLength
src/app/api/cron/sync-social/route.ts(56,31): error TS2551: Property 'postsSynced' does not exist on type '{ success: boolean; postssynced: any; }'. Did you mean 'postssynced'?
src/app/api/cron/sync-social/route.ts(59,72): error TS2551: Property 'postsSynced' does not exist on type '{ success: boolean; postssynced: any; }'. Did you mean 'postssynced'?
src/app/api/debug/connections/route.ts(37,39): error TS18046: 'error' is of type 'unknown'.
src/app/api/drive/structure/route.ts(291,13): error TS7022: 'command' implicitly has type 'any' because it does not have a type annotation and is referenced directly or indirectly in its own initializer.
src/app/api/drive/structure/route.ts(299,13): error TS7022: 'response' implicitly has type 'any' because it does not have a type annotation and is referenced directly or indirectly in its own initializer.
src/app/api/drive/structure/route.ts(305,36): error TS2339: Property 'IsTruncated' does not exist on type 'ServiceOutputTypes'.
  Property 'IsTruncated' does not exist on type 'AbortMultipartUploadCommandOutput'.
src/app/api/employee/list/route.ts(8,24): error TS2345: Argument of type 'Request' is not assignable to parameter of type 'NextRequest'.
  Type 'Request' is missing the following properties from type 'NextRequest': cookies, nextUrl, page, ua
src/app/api/files/batch-presign/route.ts(10,40): error TS2345: Argument of type 'Request' is not assignable to parameter of type 'NextRequest'.
  Type 'Request' is missing the following properties from type 'NextRequest': cookies, nextUrl, page, ua
src/app/api/leave/route.ts(642,9): error TS2353: Object literal may only specify known properties, and 'rejectionReason' does not exist in type '(Without<LeaveUpdateInput, LeaveUncheckedUpdateInput> & LeaveUncheckedUpdateInput) | (Without<...> & LeaveUpdateInput)'.
src/app/api/logins/audit/route.ts(98,23): error TS18047: 'login.client' is possibly 'null'.
src/app/api/profile/route.ts(182,11): error TS2322: Type 'Buffer<ArrayBufferLike>' is not assignable to type 'Buffer<ArrayBuffer>'.
  Type 'ArrayBufferLike' is not assignable to type 'ArrayBuffer'.
    Type 'SharedArrayBuffer' is missing the following properties from type 'ArrayBuffer': resizable, resize, detached, transfer, transferToFixedLength
src/app/api/roles/route.ts(50,28): error TS2322: Type 'string[]' is not assignable to type 'Role[] | FieldRef<"User", "Role[]"> | null | undefined'.
  Type 'string[]' is not assignable to type 'Role[]'.
    Type 'string' is not assignable to type 'Role'.
src/app/api/social/sync/route.ts(6,29): error TS2305: Module '"@/lib/social/sync"' has no exported member 'syncClientAccounts'.
src/app/api/stripe/webhook/route.ts(297,49): error TS2339: Property 'current_period_start' does not exist on type 'Subscription'.
src/app/api/stripe/webhook/route.ts(298,47): error TS2339: Property 'current_period_end' does not exist on type 'Subscription'.
src/app/api/stripe/webhook/route.ts(324,49): error TS2339: Property 'current_period_start' does not exist on type 'Subscription'.
src/app/api/stripe/webhook/route.ts(325,47): error TS2339: Property 'current_period_end' does not exist on type 'Subscription'.
src/app/api/tasks/[id]/feedback/route.ts(337,9): error TS2353: Object literal may only specify known properties, and 'updatedAt' does not exist in type '(Without<TaskFeedbackUpdateInput, TaskFeedbackUncheckedUpdateInput> & TaskFeedbackUncheckedUpdateInput) | (Without<...> & TaskFeedbackUpdateInput)'.
src/app/api/tasks/[id]/route.ts(42,9): error TS2353: Object literal may only specify known properties, and 'assignedToUser' does not exist in type 'TaskInclude<DefaultArgs>'.
src/app/api/tasks/[id]/route.ts(66,65): error TS2339: Property 'files' does not exist on type '{ feedback: string | null; description: string; id: string; createdAt: Date; updatedAt: Date; title: string | null; taskType: string | null; status: TaskStatus | null; ... 42 more ...; invoiceId: string | null; }'.
src/app/api/upload/brand-asset/route.ts(25,32): error TS2322: Type 'string | null' is not assignable to type 'string'.
  Type 'null' is not assignable to type 'string'.
src/app/api/upload/brand-asset/route.ts(26,10): error TS2322: Type 'string | null' is not assignable to type 'string'.
  Type 'null' is not assignable to type 'string'.
src/app/client/route.ts(72,42): error TS2339: Property 'essentialsFolderId' does not exist on type '{ mainFolderId: string; rawFolderId: string; elementsFolderId: string; outputsFolderId: string; }'.
src/app/client/route.ts(75,9): error TS2353: Object literal may only specify known properties, and 'longFormVideos' does not exist in type '(Without<ClientCreateInput, ClientUncheckedCreateInput> & ClientUncheckedCreateInput) | (Without<...> & ClientCreateInput)'.
src/app/cron/youtube-sync/route.ts(32,47): error TS2339: Property 'success' does not exist on type '{ channelId: string; } | { success: boolean; channelTitle: any; error?: undefined; channelId: string; } | { success: boolean; error: any; channelTitle?: undefined; channelId: string; }'.
  Property 'success' does not exist on type '{ channelId: string; }'.
src/app/cron/youtube-sync/route.ts(33,45): error TS2339: Property 'success' does not exist on type '{ channelId: string; } | { success: boolean; channelTitle: any; error?: undefined; channelId: string; } | { success: boolean; error: any; channelTitle?: undefined; channelId: string; }'.
  Property 'success' does not exist on type '{ channelId: string; }'.
src/app/editor/page.tsx(12,31): error TS2339: Property 'userId' does not exist on type '{ name: string | null; id: number; createdAt: Date; updatedAt: Date; email: string; password: string | null; image: string | null; role: Role | null; hourlyRate: Decimal | null; ... 12 more ...; slackUserId: string | null; }'.
src/app/editor/page.tsx(15,49): error TS2353: Object literal may only specify known properties, and 'type' does not exist in type 'TaskSelect<DefaultArgs>'.
src/app/editor/page.tsx(23,27): error TS2322: Type '{ initialTasks: { feedback: string | null; description: string; id: string; createdAt: Date; updatedAt: Date; title: string | null; taskType: string | null; status: TaskStatus | null; ... 42 more ...; invoiceId: string | null; }[]; }' is not assignable to type 'IntrinsicAttributes'.
  Property 'initialTasks' does not exist on type 'IntrinsicAttributes'.
src/app/leave-request/page.tsx(52,27): error TS2322: Type '{ children: Element; currentRole: string | null; }' is not assignable to type 'IntrinsicAttributes & { children: ReactNode; }'.
  Property 'currentRole' does not exist on type 'IntrinsicAttributes & { children: ReactNode; }'.
src/app/portfolio/page.tsx(464,23): error TS2322: Type '{ className: string; }' is not assignable to type 'IntrinsicAttributes'.
  Property 'className' does not exist on type 'IntrinsicAttributes'.
src/app/portfolio/page.tsx(484,42): error TS2322: Type '{ className: string; }' is not assignable to type 'IntrinsicAttributes'.
  Property 'className' does not exist on type 'IntrinsicAttributes'.
src/components/admin/AdminVitalsWidget.tsx(4,41): error TS2307: Cannot find module 'framer-motion' or its corresponding type declarations.
src/components/admin/SalesManagementTab.tsx(644,9): error TS2339: Property 'igDm' does not exist on type 'Lead'.
src/components/auth/TwoFactorScreen.tsx(154,19): error TS2322: Type '(el: HTMLInputElement | null) => HTMLInputElement | null' is not assignable to type 'Ref<HTMLInputElement> | undefined'.
  Type '(el: HTMLInputElement | null) => HTMLInputElement | null' is not assignable to type '(instance: HTMLInputElement | null) => void | (() => VoidOrUndefinedOnly)'.
    Type 'HTMLInputElement | null' is not assignable to type 'void | (() => VoidOrUndefinedOnly)'.
      Type 'null' is not assignable to type 'void | (() => VoidOrUndefinedOnly)'.
src/components/client/ClientContractsInvoices.tsx(196,12): error TS2322: Type '"default" | "warning" | "success" | "destructive" | "secondary"' is not assignable to type '"default" | "destructive" | "outline" | "secondary" | null | undefined'.
  Type '"warning"' is not assignable to type '"default" | "destructive" | "outline" | "secondary" | null | undefined'.
src/components/dashboards/ClientDashboard.tsx(246,7): error TS2304: Cannot find name 'setTasks'.
src/components/dashboards/ClientDashboard.tsx(246,17): error TS7006: Parameter 'prev' implicitly has an 'any' type.
src/components/dashboards/ClientDashboard.tsx(246,36): error TS7006: Parameter 't' implicitly has an 'any' type.
src/components/dashboards/ClientDashboard.tsx(253,7): error TS2304: Cannot find name 'setTasks'.
src/components/dashboards/ClientDashboard.tsx(253,17): error TS7006: Parameter 'prev' implicitly has an 'any' type.
src/components/dashboards/ClientDashboard.tsx(296,7): error TS2304: Cannot find name 'setTasks'.
src/components/dashboards/ClientDashboard.tsx(296,17): error TS7006: Parameter 'prev' implicitly has an 'any' type.
src/components/dashboards/ClientDashboard.tsx(296,36): error TS7006: Parameter 't' implicitly has an 'any' type.
src/components/dashboards/ClientDashboard.tsx(303,7): error TS2304: Cannot find name 'setTasks'.
src/components/dashboards/ClientDashboard.tsx(303,17): error TS7006: Parameter 'prev' implicitly has an 'any' type.
src/components/dashboards/ClientDashboard.tsx(376,7): error TS2304: Cannot find name 'setTasks'.
src/components/dashboards/ClientDashboard.tsx(376,17): error TS7006: Parameter 'prev' implicitly has an 'any' type.
src/components/dashboards/ClientDashboard.tsx(376,39): error TS7006: Parameter 't' implicitly has an 'any' type.
src/components/dashboards/ClientDashboard.tsx(448,7): error TS2304: Cannot find name 'setTasks'.
src/components/dashboards/ClientDashboard.tsx(448,17): error TS7006: Parameter 'prev' implicitly has an 'any' type.
src/components/dashboards/ClientDashboard.tsx(448,39): error TS7006: Parameter 't' implicitly has an 'any' type.
src/components/dashboards/ClientDashboard.tsx(514,7): error TS2304: Cannot find name 'setTasks'.
src/components/dashboards/ClientDashboard.tsx(514,17): error TS7006: Parameter 'prev' implicitly has an 'any' type.
src/components/dashboards/ClientDashboard.tsx(514,39): error TS7006: Parameter 't' implicitly has an 'any' type.
src/components/dashboards/ClientDashboard.tsx(1028,19): error TS2719: Type '(task: ClientTask) => void' is not assignable to type '(task: ClientTask) => void'. Two different types with this name exist, but they are unrelated.
  Types of parameters 'task' and 'task' are incompatible.
    Type 'ClientTask' is missing the following properties from type 'ClientTask': description, taskType, assignedTo, createdBy, and 5 more.
src/components/dashboards/ClientDashboard.tsx(1029,19): error TS2322: Type '(e: React.MouseEvent, task: ClientTask) => Promise<void>' is not assignable to type '(e: MouseEvent<Element, MouseEvent>, task: ClientTask) => void'.
  Types of parameters 'task' and 'task' are incompatible.
    Type 'ClientTask' is missing the following properties from type 'ClientTask': description, taskType, assignedTo, createdBy, and 5 more.
src/components/dashboards/ClientDashboard.tsx(1030,19): error TS2322: Type '(task?: ClientTask) => Promise<void>' is not assignable to type '(task: ClientTask) => void'.
  Types of parameters 'task' and 'task' are incompatible.
    Type 'ClientTask' is missing the following properties from type 'ClientTask': description, taskType, assignedTo, createdBy, and 5 more.
src/components/dashboards/ClientDashboard.tsx(1399,15): error TS2322: Type '{ open: boolean; onOpenChange: (open: boolean) => void; asset: { id: string; title: string; subtitle: string; videoUrl: string; thumbnail: string; runtime: string; status: "client_review"; client: string; ... 8 more ...; approvalLocked: boolean; } | null; ... 5 more ...; deliverableType: any; }' is not assignable to type 'IntrinsicAttributes & FullScreenReviewModalProps'.
  Property 'deliverableType' does not exist on type 'IntrinsicAttributes & FullScreenReviewModalProps'.
src/components/dashboards/DynamicGuidelinesPage.tsx(168,13): error TS2322: Type 'string' is not assignable to type '"editor" | "qc"'.
src/components/dashboards/SchedulerSpreadsheetView.tsx(416,28): error TS18048: 'c' is possibly 'undefined'.
src/components/dashboards/SchedulerSpreadsheetView.tsx(416,30): error TS2339: Property 'id' does not exist on type '{ name: string; companyName?: string | undefined; }'.
src/components/dashboards/SchedulerSpreadsheetView.tsx(416,34): error TS18048: 'c' is possibly 'undefined'.
src/components/dashboards/SchedulerSpreadsheetView.tsx(416,51): error TS18048: 'c' is possibly 'undefined'.
src/components/dashboards/SchedulerTrainingPage.tsx(586,26): error TS18048: 'currentModule.quiz' is possibly 'undefined'.
src/components/reporting/ComprehensiveReporting.tsx(148,17): error TS2322: Type 'Dispatch<SetStateAction<{ from: Date; to: Date; }>>' is not assignable to type '(date: DateRange | undefined) => void'.
  Types of parameters 'value' and 'date' are incompatible.
    Type 'DateRange | undefined' is not assignable to type 'SetStateAction<{ from: Date; to: Date; }>'.
      Type 'undefined' is not assignable to type 'SetStateAction<{ from: Date; to: Date; }>'.
src/components/SearchContext.tsx(136,3): error TS2322: Type '({ id: string; type: string; title: string; description: string; url: string; category: string; status?: undefined; date?: undefined; } | { id: string; type: string; title: string; description: string; url: string; category: string; status: string; date?: undefined; } | { ...; })[] | ... 4 more ... | ({ ...; } | ......' is not assignable to type 'SearchResult[]'.
  Type '({ id: string; type: string; title: string; description: string; url: string; category: string; status?: undefined; date?: undefined; } | { id: string; type: string; title: string; description: string; url: string; category: string; status: string; date?: undefined; } | { ...; })[]' is not assignable to type 'SearchResult[]'.
    Type '{ id: string; type: string; title: string; description: string; url: string; category: string; status?: undefined; date?: undefined; } | { id: string; type: string; title: string; description: string; url: string; category: string; status: string; date?: undefined; } | { ...; }' is not assignable to type 'SearchResult'.
      Type '{ id: string; type: string; title: string; description: string; url: string; category: string; status?: undefined; date?: undefined; }' is not assignable to type 'SearchResult'.
        Types of property 'type' are incompatible.
          Type 'string' is not assignable to type '"user" | "task" | "client" | "page" | "project" | "report"'.
src/components/ui/calendar.tsx(63,9): error TS2353: Object literal may only specify known properties, and 'IconLeft' does not exist in type 'Partial<CustomComponents>'.
src/components/ui/calendar.tsx(63,22): error TS7031: Binding element 'className' implicitly has an 'any' type.
src/components/ui/calendar.tsx(66,23): error TS7031: Binding element 'className' implicitly has an 'any' type.
src/components/ui/resizable.tsx(12,51): error TS2339: Property 'PanelGroup' does not exist on type 'typeof import("D:/E8 Productions/my-app/node_modules/react-resizable-panels/dist/react-resizable-panels")'.
src/components/ui/resizable.tsx(14,25): error TS2339: Property 'PanelGroup' does not exist on type 'typeof import("D:/E8 Productions/my-app/node_modules/react-resizable-panels/dist/react-resizable-panels")'.
src/components/ui/resizable.tsx(35,51): error TS2339: Property 'PanelResizeHandle' does not exist on type 'typeof import("D:/E8 Productions/my-app/node_modules/react-resizable-panels/dist/react-resizable-panels")'.
src/components/ui/resizable.tsx(39,25): error TS2339: Property 'PanelResizeHandle' does not exist on type 'typeof import("D:/E8 Productions/my-app/node_modules/react-resizable-panels/dist/react-resizable-panels")'.
src/components/ui/resizable.tsx(52,26): error TS2339: Property 'PanelResizeHandle' does not exist on type 'typeof import("D:/E8 Productions/my-app/node_modules/react-resizable-panels/dist/react-resizable-panels")'.
src/components/utils/notifications.ts(6,7): error TS2322: Type 'string' is not assignable to type 'number'.
src/components/workflow/QCReviewDialog.tsx(325,86): error TS18048: 'task.files' is possibly 'undefined'.
src/hooks/use-toast.ts(6,18): error TS2395: Individual declarations in merged declaration 'Toast' must be all exported or all local.
src/hooks/use-toast.ts(144,11): error TS2395: Individual declarations in merged declaration 'Toast' must be all exported or all local.
src/hooks/use-toast.ts(167,7): error TS2353: Object literal may only specify known properties, and 'open' does not exist in type 'ToasterToast'.
src/hooks/use-toast.ts(168,22): error TS7006: Parameter 'open' implicitly has an 'any' type.
src/lib/authMiddleware.ts(30,39): error TS2345: Argument of type 'string | null' is not assignable to parameter of type 'string'.
  Type 'null' is not assignable to type 'string'.
src/lib/getCurrentUser.ts(1,10): error TS2614: Module '"next-auth"' has no exported member 'getServerSession'. Did you mean to use 'import getServerSession from "next-auth"' instead?
src/lib/middleware.ts(1,10): error TS2305: Module '"next-auth/middleware"' has no exported member 'withAuth'.
src/lib/notifications.ts(6,7): error TS2322: Type 'string' is not assignable to type 'number'.
src/lib/social/sync.ts(7,31): error TS2306: File 'D:/E8 Productions/my-app/src/lib/social/tiktok.ts' is not a module.
src/lib/social/sync.ts(8,33): error TS2306: File 'D:/E8 Productions/my-app/src/lib/social/facebook.ts' is not a module.
src/lib/social/sync.ts(41,24): error TS2552: Cannot find name 'encrypt'. Did you mean 'decrypt'?
src/lib/stripe.ts(8,3): error TS2322: Type '"2024-12-18.acacia"' is not assignable to type '"2026-02-25.clover"'.
src/lib/video-optimizer.ts(168,29): error TS2737: BigInt literals are not available when targeting lower than ES2020.
src/lib/video-optimizer.ts(168,35): error TS2737: BigInt literals are not available when targeting lower than ES2020.
src/lib/video-optimizer.ts(168,43): error TS2737: BigInt literals are not available when targeting lower than ES2020.
src/lib/video-optimizer.ts(336,7): error TS2353: Object literal may only specify known properties, and 'updatedAt' does not exist in type 'FileWhereInput'.
src/scripts/optimize-existing-videos.ts(196,63): error TS2737: BigInt literals are not available when targeting lower than ES2020.
src/signup/route.ts(5,28): error TS7006: Parameter 'req' implicitly has an 'any' type.
tmp/check-status.ts(11,7): error TS2353: Object literal may only specify known properties, and 'updatedAt' does not exist in type 'FileSelect<DefaultArgs>'.
